# github/dfgchiang/rst/rlab/a.txt

## Dir list

* h3.R = homework 3 script //20190222
* h3.Rmd = homework 3 notebook //20190222
* h3.nb.html = auto created this notebook output file from above.

## 20190128 Test Inatall GIS Tools Package


R version 3.5.2 (2018-12-20) -- "Eggshell Igloo"
Copyright (C) 2018 The R Foundation for Statistical Computing
Platform: x86_64-w64-mingw32/x64 (64-bit)

R is free software and comes with ABSOLUTELY NO WARRANTY.
You are welcome to redistribute it under certain conditions.
Type 'license()' or 'licence()' for distribution details.

  Natural language support but running in an English locale

R is a collaborative project with many contributors.
Type 'contributors()' for more information and
'citation()' on how to cite R or R packages in publications.

Type 'demo()' for some demos, 'help()' for on-line help, or
'help.start()' for an HTML browser interface to help.
Type 'q()' to quit R.

> install.packages("GISTools", dependencies = True)
Error in install.packages("GISTools", dependencies = True) :
  object 'True' not found
> install.packages("GISTools", dependencies = T)
Installing package into ‘C:/Users/dchiang/Documents/R/win-library/3.5’
(as ‘lib’ is unspecified)
--- Please select a CRAN mirror for use in this session ---
also installing the dependencies ‘maptools’, ‘sp’, ‘RColorBrewer’, ‘rgeos’

trying URL 'https://cloud.r-project.org/bin/windows/contrib/3.5/maptools_0.9-4.zip'
Content type 'application/zip' length 2143011 bytes (2.0 MB)
downloaded 2.0 MB

trying URL 'https://cloud.r-project.org/bin/windows/contrib/3.5/sp_1.3-1.zip'
Content type 'application/zip' length 1867088 bytes (1.8 MB)
downloaded 1.8 MB

trying URL 'https://cloud.r-project.org/bin/windows/contrib/3.5/RColorBrewer_1.1-2.zip'
Content type 'application/zip' length 55498 bytes (54 KB)
downloaded 54 KB

trying URL 'https://cloud.r-project.org/bin/windows/contrib/3.5/rgeos_0.4-2.zip'
Content type 'application/zip' length 1895984 bytes (1.8 MB)
downloaded 1.8 MB

trying URL 'https://cloud.r-project.org/bin/windows/contrib/3.5/GISTools_0.7-4.zip'
Content type 'application/zip' length 3471595 bytes (3.3 MB)
downloaded 3.3 MB

package ‘maptools’ successfully unpacked and MD5 sums checked
package ‘sp’ successfully unpacked and MD5 sums checked
package ‘RColorBrewer’ successfully unpacked and MD5 sums checked
package ‘rgeos’ successfully unpacked and MD5 sums checked
package ‘GISTools’ successfully unpacked and MD5 sums checked

The downloaded binary packages are in
        C:\Users\dchiang\AppData\Local\Temp\RtmpeGtnOt\downloaded_packages


## Install rvest and xml2 20190219
> install.packages("xml2", dependencies = TRUE)
trying URL 'https://cran.rstudio.com/bin/macosx/el-capitan/contrib/3.5/xml2_1.2.0.tgz'
Content type 'application/x-gzip' length 930565 bytes (908 KB)
==================================================
downloaded 908 KB


The downloaded binary packages are in
	/var/folders/zw/4l5c8wxn6m7_331_d_prmb340000gn/T//Rtmp1I7sLR/downloaded_packages


//20190302
> install.packages('corrplot', dependencies = TRUE)
trying URL 'https://cran.rstudio.com/bin/macosx/el-capitan/contrib/3.5/corrplot_0.84.tgz'
Content type 'application/x-gzip' length 5451964 bytes (5.2 MB)
==================================================
downloaded 5.2 MB


The downloaded binary packages are in
	/var/folders/zw/4l5c8wxn6m7_331_d_prmb340000gn/T//RtmpvTbXKl/downloaded_packages

//20190304

## Install RCurl


> install.packages('RCurl', dependencies = TRUE)
Installing package into ‘C:/Users/dchiang/Documents/R/win-library/3.5’
(as ‘lib’ is unspecified)
Warning in install.packages :
  dependency ‘Rcompression’ is not available
also installing the dependency ‘XML’


  There are binary versions available but the source versions are later:
         binary    source needs_compilation
XML   3.98-1.17 3.98-1.18              TRUE
RCurl 1.95-4.11 1.95-4.12              TRUE

  Binaries will be installed
trying URL 'https://cran.rstudio.com/bin/windows/contrib/3.5/XML_3.98-1.17.zip'
Content type 'application/zip' length 4600373 bytes (4.4 MB)
downloaded 4.4 MB

trying URL 'https://cran.rstudio.com/bin/windows/contrib/3.5/RCurl_1.95-4.11.zip'
Content type 'application/zip' length 2969849 bytes (2.8 MB)
downloaded 2.8 MB

package ‘XML’ successfully unpacked and MD5 sums checked
package ‘RCurl’ successfully unpacked and MD5 sums checked

The downloaded binary packages are in
	C:\Users\dchiang\AppData\Local\Temp\RtmpK6qAjL\downloaded_packages

## Install JsonLite 20190304

> ??json
> install.packages('jsonlite', dependencies = TRUE)
Installing package into ‘C:/Users/dchiang/Documents/R/win-library/3.5’
(as ‘lib’ is unspecified)
also installing the dependencies ‘R.methodsS3’, ‘R.oo’, ‘R.utils’, ‘R.cache’, ‘plyr’, ‘R.rsp’

trying URL 'https://cran.rstudio.com/bin/windows/contrib/3.5/R.methodsS3_1.7.1.zip'
Content type 'application/zip' length 76526 bytes (74 KB)
downloaded 74 KB

trying URL 'https://cran.rstudio.com/bin/windows/contrib/3.5/R.oo_1.22.0.zip'
Content type 'application/zip' length 957248 bytes (934 KB)
downloaded 934 KB

trying URL 'https://cran.rstudio.com/bin/windows/contrib/3.5/R.utils_2.8.0.zip'
Content type 'application/zip' length 1381441 bytes (1.3 MB)
downloaded 1.3 MB

trying URL 'https://cran.rstudio.com/bin/windows/contrib/3.5/R.cache_0.13.0.zip'
Content type 'application/zip' length 94527 bytes (92 KB)
downloaded 92 KB

trying URL 'https://cran.rstudio.com/bin/windows/contrib/3.5/plyr_1.8.4.zip'
Content type 'application/zip' length 1297749 bytes (1.2 MB)
downloaded 1.2 MB

trying URL 'https://cran.rstudio.com/bin/windows/contrib/3.5/R.rsp_0.43.1.zip'
Content type 'application/zip' length 1580500 bytes (1.5 MB)
downloaded 1.5 MB

trying URL 'https://cran.rstudio.com/bin/windows/contrib/3.5/jsonlite_1.6.zip'
Content type 'application/zip' length 1160646 bytes (1.1 MB)
downloaded 1.1 MB

package ‘R.methodsS3’ successfully unpacked and MD5 sums checked
package ‘R.oo’ successfully unpacked and MD5 sums checked
package ‘R.utils’ successfully unpacked and MD5 sums checked
package ‘R.cache’ successfully unpacked and MD5 sums checked
package ‘plyr’ successfully unpacked and MD5 sums checked
package ‘R.rsp’ successfully unpacked and MD5 sums checked
package ‘jsonlite’ successfully unpacked and MD5 sums checked

The downloaded binary packages are in
	C:\Users\dchiang\AppData\Local\Temp\RtmpK6qAjL\downloaded_packages

//
> install.packages('ISLR', dependencies = TRUE)
trying URL 'https://cran.rstudio.com/bin/macosx/el-capitan/contrib/3.5/ISLR_1.2.tgz'
Content type 'application/x-gzip' length 2924917 bytes (2.8 MB)
==================================================
downloaded 2.8 MB


The downloaded binary packages are in
	/var/folders/zw/4l5c8wxn6m7_331_d_prmb340000gn/T//RtmpCPXuyh/downloaded_packages

    > install.packages('tree', dependencies = TRUE)
    trying URL 'https://cran.rstudio.com/bin/macosx/el-capitan/contrib/3.5/tree_1.0-39.tgz'
    Content type 'application/x-gzip' length 178297 bytes (174 KB)
    ==================================================
    downloaded 174 KB


    The downloaded binary packages are in
    	/var/folders/zw/4l5c8wxn6m7_331_d_prmb340000gn/T//RtmpCPXuyh/downloaded_packages

//
